
> tech-hub@0.1.0 scrape:images
> tsx scripts/scrape-product-images.ts --offset=168 --limit=259 --concurrency=4

[1] Resolving auto_laptop_36: HP Envy 16 16GB/512GB
[2] Skipping auto_audio_36: cached
[2] Resolving auto_accessory_36: Belkin BoostCharge Pro 3-in-1 Bundle
[3] Skipping auto_phone_37: cached
[3] Resolving auto_laptop_37: HP Envy 16 16GB/1TB
[4] Resolving auto_audio_37: Bose QuietComfort Ultra Earbuds Silver
page.goto: net::ERR_HTTP2_PROTOCOL_ERROR at https://support.hp.com/us-en/document/ish_8073172-8073221-16
Call log:
  - navigating to "https://support.hp.com/us-en/document/ish_8073172-8073221-16", waiting until "domcontentloaded"

    at collectOfficialImageCandidates (C:\Users\ifean\Downloads\JS series\New folder (2)\scripts\scrape-product-images.ts:455:14)
    at async resolveProductImages (C:\Users\ifean\Downloads\JS series\New folder (2)\scripts\scrape-product-images.ts:511:24)
    at async worker (C:\Users\ifean\Downloads\JS series\New folder (2)\scripts\scrape-product-images.ts:579:24)
    at async main (C:\Users\ifean\Downloads\JS series\New folder (2)\scripts\scrape-product-images.ts:612:3) {
  name: 'Error'
}
[2] Resolving auto_accessory_37: UGREEN Nexode 100W Charger Standard
[4] Skipping auto_phone_38: cached
[4] Resolving auto_laptop_38: HP Envy 16 32GB/1TB
[2] Resolving auto_audio_38: Bose QuietComfort Ultra Earbuds White
[4] Resolving auto_accessory_38: UGREEN Nexode 100W Charger Pro
[2] Skipping auto_phone_39: cached
[2] Resolving auto_accessory_62: Samsung Galaxy Watch6 Classic Pro
[4] Resolving auto_accessory_61: Samsung Galaxy Watch6 Classic Standard
[2] Skipping auto_audio_61: cached
[2] Resolving auto_laptop_61: Acer Swift X 14 16GB/512GB
[4] Resolving auto_accessory_85: Microsoft Xbox Wireless Controller Standard
[2] Resolving auto_accessory_84: Sony PlayStation DualSense Bundle
[4] Resolving auto_audio_56: JBL Live Pro 2 Black
[2] Resolving auto_laptop_57: ASUS Zenbook 14 OLED 16GB/1TB
[4] Resolving auto_audio_52: JBL Tour One M2 Silver
[2] Resolving auto_audio_51: JBL Tour One M2 Black
[4] Skipping auto_laptop_52: cached
[4] Skipping auto_phone_52: cached
[4] Resolving auto_audio_48: Sennheiser Accentum Plus White
[2] Resolving auto_accessory_48: Samsung T9 Portable SSD Bundle
[4] Resolving auto_phone_47: Google Pixel 8 Pro 256GB
[2] Resolving auto_accessory_46: Samsung T9 Portable SSD Pro
[2] Resolving auto_accessory_82: Sony PlayStation DualSense Pro
[4] Resolving auto_accessory_43: TP-Link Deco XE75 Max
[2] Resolving auto_audio_43: Sennheiser Momentum 4 Wireless White
[4] Resolving auto_audio_42: Sennheiser Momentum 4 Wireless Silver
[2] Resolving auto_audio_76: Anker Soundcore Space One Black
[4] Resolving auto_laptop_40: HP Envy 16 64GB/2TB
[2] Resolving auto_accessory_79: JBL Go 4 Max
[4] Resolving auto_accessory_75: Baseus Bowie WM02 Max
[2] Resolving auto_audio_81: Anker Soundcore Liberty 4 NC Black
[4] Resolving auto_laptop_76: MSI Raider GE78 HX 16GB/512GB
[2] Resolving auto_accessory_55: Logitech MX Keys S Max
[4] Resolving auto_laptop_72: MSI Stealth 14 Studio 16GB/1TB
[2] Resolving auto_audio_40: Bose QuietComfort Ultra Earbuds Bundle
[4] Resolving auto_accessory_44: TP-Link Deco XE75 Bundle
[2] Resolving auto_laptop_41: Lenovo ThinkPad X1 Carbon Gen 12 16GB/512GB
[4] Resolving auto_audio_49: Sennheiser Accentum Plus Midnight
[2] Resolving auto_phone_41: Samsung Galaxy Z Flip 5 128GB
[4] Resolving auto_phone_88: Xiaomi 13T Pro 512GB
[2] Resolving auto_phone_48: Google Pixel 8 Pro 512GB
[4] Resolving auto_audio_55: JBL Tour One M2 Bundle
[2] Resolving auto_phone_82: Xiaomi 14 Ultra 256GB
[4] Resolving auto_accessory_90: Elgato Stream Deck MK.2 Pro
[2] Resolving auto_audio_91: Google Pixel Buds Pro Black
[4] Resolving auto_accessory_40: UGREEN Nexode 100W Charger Bundle
[2] Resolving auto_audio_46: Sennheiser Accentum Plus Black
[4] Resolving auto_accessory_42: TP-Link Deco XE75 Pro
[2] Resolving auto_audio_41: Sennheiser Momentum 4 Wireless Black
[4] Skipping auto_phone_45: cached
[4] Resolving auto_audio_53: JBL Tour One M2 White
[2] Resolving auto_audio_54: JBL Tour One M2 Midnight
[4] Resolving auto_accessory_41: TP-Link Deco XE75 Standard
[2] Resolving auto_audio_39: Bose QuietComfort Ultra Earbuds Midnight
[4] Resolving auto_laptop_49: Lenovo Legion Slim 7 32GB/2TB
[2] Resolving auto_laptop_58: ASUS Zenbook 14 OLED 32GB/1TB
[4] Resolving auto_laptop_59: ASUS Zenbook 14 OLED 32GB/2TB
[2] Resolving auto_accessory_39: UGREEN Nexode 100W Charger Max
[4] Resolving auto_audio_45: Sennheiser Momentum 4 Wireless Bundle
[2] Resolving auto_accessory_47: Samsung T9 Portable SSD Max
[4] Resolving auto_accessory_53: Logitech MX Keys S Standard
[2] Resolving auto_phone_46: Google Pixel 8 Pro 128GB
[4] Resolving auto_laptop_39: HP Envy 16 32GB/2TB
[2] Resolving auto_laptop_42: Lenovo ThinkPad X1 Carbon Gen 12 16GB/1TB
[4] Skipping auto_phone_42: cached
[4] Skipping auto_phone_44: cached
[4] Resolving auto_laptop_46: Lenovo Legion Slim 7 16GB/512GB
[2] Resolving auto_laptop_47: Lenovo Legion Slim 7 16GB/1TB
[4] Resolving auto_audio_50: Sennheiser Accentum Plus Bundle
[2] Resolving auto_accessory_45: Samsung T9 Portable SSD Standard
[4] Resolving auto_phone_50: Google Pixel 8 Pro 12GB+256GB
[2] Resolving auto_accessory_60: Razer DeathAdder V3 Pro Bundle
[4] Resolving auto_laptop_43: Lenovo ThinkPad X1 Carbon Gen 12 32GB/1TB
[2] Resolving auto_audio_44: Sennheiser Momentum 4 Wireless Midnight
[4] Skipping auto_phone_40: cached
[4] Skipping auto_phone_43: cached
[4] Resolving auto_phone_54: Google Pixel 8 1TB
[2] Resolving auto_accessory_52: SanDisk Extreme Portable SSD V2 Bundle
[4] Resolving auto_audio_60: JBL Live Pro 2 Bundle
[2] Resolving auto_phone_51: Google Pixel 8 128GB
[2] Resolving auto_laptop_44: Lenovo ThinkPad X1 Carbon Gen 12 32GB/2TB
[4] Resolving auto_laptop_50: Lenovo Legion Slim 7 64GB/2TB
[2] Resolving auto_accessory_58: Razer DeathAdder V3 Pro Pro
[4] Resolving auto_phone_49: Google Pixel 8 Pro 1TB
[2] Resolving auto_laptop_45: Lenovo ThinkPad X1 Carbon Gen 12 64GB/2TB
[4] Resolving auto_laptop_48: Lenovo Legion Slim 7 32GB/1TB
[2] Resolving auto_laptop_56: ASUS Zenbook 14 OLED 16GB/512GB
[4] Resolving auto_accessory_50: SanDisk Extreme Portable SSD V2 Pro
[2] Resolving auto_laptop_67: Acer Predator Helios Neo 16 16GB/1TB
[4] Resolving auto_audio_77: Anker Soundcore Space One Silver
[2] Resolving auto_phone_59: Google Pixel 7 Pro 1TB
[4] Resolving auto_audio_70: Marshall Acton III Bundle
[2] Resolving auto_accessory_49: SanDisk Extreme Portable SSD V2 Standard
[4] Resolving auto_phone_57: Google Pixel 7 Pro 256GB
[2] Skipping auto_laptop_51: cached
[2] Skipping auto_laptop_53: cached
[2] Resolving auto_laptop_60: ASUS Zenbook 14 OLED 64GB/2TB
[4] Skipping auto_laptop_55: cached
[4] Resolving auto_phone_55: Google Pixel 8 12GB+256GB
[2] Resolving auto_phone_56: Google Pixel 7 Pro 128GB
[4] Resolving auto_accessory_51: SanDisk Extreme Portable SSD V2 Max
[2] Resolving auto_accessory_56: Logitech MX Keys S Bundle
[4] Resolving auto_accessory_59: Razer DeathAdder V3 Pro Max
[2] Resolving auto_phone_53: Google Pixel 8 512GB
[4] Resolving auto_laptop_73: MSI Stealth 14 Studio 32GB/1TB
[2] Resolving auto_audio_47: Sennheiser Accentum Plus Silver
[4] Resolving auto_phone_67: OnePlus 11 256GB
[2] Resolving auto_audio_57: JBL Live Pro 2 Silver
[4] Skipping auto_laptop_54: cached
[4] Resolving auto_accessory_57: Razer DeathAdder V3 Pro Standard
[2] Resolving auto_accessory_66: Apple Watch Series 9 Pro
[4] Skipping auto_audio_63: cached
[4] Resolving auto_audio_68: Marshall Acton III White
[2] Resolving auto_phone_61: OnePlus 12 128GB
[4] Resolving auto_laptop_81: Razer Blade 14 16GB/512GB
[4] Resolving auto_accessory_54: Logitech MX Keys S Pro
[2] Resolving auto_phone_63: OnePlus 12 512GB
[2] Resolving auto_accessory_77: JBL Go 4 Standard
[4] Resolving auto_phone_58: Google Pixel 7 Pro 512GB
[4] Resolving auto_laptop_74: MSI Stealth 14 Studio 32GB/2TB
[2] Resolving auto_audio_79: Anker Soundcore Space One Midnight
[2] Resolving auto_phone_60: Google Pixel 7 Pro 12GB+256GB
[4] Resolving auto_accessory_71: Anker MagGo Wireless Charging Station Max
[2] Resolving auto_accessory_63: Samsung Galaxy Watch6 Classic Max
[4] Resolving auto_accessory_68: Apple Watch Series 9 Bundle
[4] Resolving auto_phone_62: OnePlus 12 256GB
[2] Resolving auto_audio_58: JBL Live Pro 2 White
[2] Resolving auto_audio_59: JBL Live Pro 2 Midnight
[4] Resolving auto_laptop_62: Acer Swift X 14 16GB/1TB
[2] Resolving auto_laptop_68: Acer Predator Helios Neo 16 32GB/1TB
[4] Skipping auto_audio_64: cached
[4] Resolving auto_audio_66: Marshall Acton III Black
[2] Resolving auto_audio_69: Marshall Acton III Midnight
[4] Resolving auto_audio_83: Anker Soundcore Liberty 4 NC White
[2] Resolving auto_laptop_66: Acer Predator Helios Neo 16 16GB/512GB
[4] Resolving auto_phone_64: OnePlus 12 1TB
[2] Skipping auto_audio_62: cached
[2] Resolving auto_accessory_86: Microsoft Xbox Wireless Controller Pro
[4] Resolving auto_laptop_63: Acer Swift X 14 32GB/1TB
