
> tech-hub@0.1.0 scrape:images
> tsx scripts/scrape-product-images.ts --only-fallback --refresh --concurrency=6

[1] Resolving prod_3_3: Google Pixel 8 Pro
[2] Resolving prod_5_3: Beats Studio Pro
[3] Resolving prod_6: iPad Pro 12.9 M2
[4] Resolving prod_12: Lenovo Legion Slim 7
[6] Resolving auto_accessory_30: Anker Prime 250W Charging Station Pro
[5] Resolving auto_laptop_36: HP Envy 16 16GB/512GB
[1] Resolving auto_laptop_37: HP Envy 16 16GB/1TB
[6] Resolving auto_audio_37: Bose QuietComfort Ultra Earbuds Silver
[3] Resolving auto_accessory_37: UGREEN Nexode 100W Charger Standard
[5] Resolving auto_laptop_38: HP Envy 16 32GB/1TB
[1] Resolving auto_audio_38: Bose QuietComfort Ultra Earbuds White
[2] Resolving auto_accessory_38: UGREEN Nexode 100W Charger Pro
[6] Resolving auto_audio_56: JBL Live Pro 2 Black
[3] Resolving auto_accessory_84: Sony PlayStation DualSense Bundle
[4] Resolving auto_audio_52: JBL Tour One M2 Silver
[5] Resolving auto_audio_51: JBL Tour One M2 Black
[2] Resolving auto_accessory_48: Samsung T9 Portable SSD Bundle
[1] Resolving auto_phone_47: Google Pixel 8 Pro 256GB
[6] Resolving auto_audio_48: Sennheiser Accentum Plus White
[4] Resolving auto_accessory_46: Samsung T9 Portable SSD Pro
[2] Resolving auto_accessory_82: Sony PlayStation DualSense Pro
[1] Resolving auto_accessory_43: TP-Link Deco XE75 Max
PrismaClientKnownRequestError: 
Invalid `prisma.product.update()` invocation in
C:\Users\ifean\Downloads\JS series\New folder (2)\scripts\scrape-product-images.ts:623:30

  620   families: cache.families
  621 });
  622 
→ 623 await prisma.product.update(
Timed out fetching a new connection from the connection pool. More info: http://pris.ly/d/connection-pool (Current connection pool timeout: 10, connection limit: 9)
    at Vn.handleRequestError (C:\Users\ifean\Downloads\JS series\New folder (2)\node_modules\@prisma\client\runtime\library.js:121:7339)
    at Vn.handleAndLogRequestError (C:\Users\ifean\Downloads\JS series\New folder (2)\node_modules\@prisma\client\runtime\library.js:121:6663)
    at Vn.request (C:\Users\ifean\Downloads\JS series\New folder (2)\node_modules\@prisma\client\runtime\library.js:121:6370)
    at async l (C:\Users\ifean\Downloads\JS series\New folder (2)\node_modules\@prisma\client\runtime\library.js:130:9617)
    at async worker (C:\Users\ifean\Downloads\JS series\New folder (2)\scripts\scrape-product-images.ts:623:9)
    at async Promise.all (index 4)
    at async main (C:\Users\ifean\Downloads\JS series\New folder (2)\scripts\scrape-product-images.ts:635:3) {
  code: 'P2024',
  clientVersion: '6.2.1',
  meta: { modelName: 'Product', connection_limit: 9, timeout: 10 }
}
