
> tech-hub@0.1.0 scrape:images
> tsx scripts/scrape-product-images.ts --offset=313 --limit=114 --concurrency=6

[1] Skipping auto_audio_67: cached
[1] Resolving auto_accessory_78: JBL Go 4 Pro
[2] Skipping auto_phone_74: cached
[2] Resolving auto_phone_78: Nothing Phone (2a) 512GB
[3] Resolving auto_audio_72: Marshall Emberton II Silver
[4] Skipping auto_accessory_67: cached
[4] Resolving auto_accessory_80: JBL Go 4 Bundle
[5] Resolving auto_laptop_80: MSI Raider GE78 HX 64GB/2TB
[6] Skipping auto_laptop_83: cached
[6] Resolving auto_audio_73: Marshall Emberton II White
[4] Resolving auto_phone_86: Xiaomi 13T Pro 128GB
[1] Resolving auto_laptop_86: Samsung Galaxy Book4 Pro 16GB/512GB
[3] Resolving auto_phone_83: Xiaomi 14 Ultra 512GB
[2] Resolving auto_phone_87: Xiaomi 13T Pro 256GB
[5] Resolving auto_audio_71: Marshall Emberton II Black
[6] Resolving auto_accessory_72: Anker MagGo Wireless Charging Station Bundle
[4] Resolving auto_accessory_76: Baseus Bowie WM02 Bundle
[3] Skipping auto_laptop_78: cached
[3] Skipping auto_accessory_87: cached
[3] Resolving auto_accessory_89: Elgato Stream Deck MK.2 Standard
[1] Resolving auto_laptop_87: Samsung Galaxy Book4 Pro 16GB/1TB
[2] Resolving auto_laptop_92: Microsoft Surface Laptop 6 16GB/1TB
[5] Skipping auto_laptop_79: cached
[5] Resolving auto_audio_88: Nothing Ear (a) White
[6] Resolving auto_laptop_90: Samsung Galaxy Book4 Pro 64GB/2TB
[4] Resolving auto_phone_81: Xiaomi 14 Ultra 128GB
[3] Resolving auto_audio_93: Google Pixel Buds Pro White
[1] Skipping auto_phone_73: cached
[1] Resolving auto_accessory_91: Elgato Stream Deck MK.2 Max
[2] Skipping auto_laptop_84: cached
[2] Skipping auto_phone_80: cached
[2] Resolving auto_laptop_88: Samsung Galaxy Book4 Pro 32GB/1TB
[5] Resolving auto_phone_91: Tecno Phantom V Fold 2 128GB
[6] Resolving auto_audio_80: Anker Soundcore Space One Bundle
[4] Resolving auto_phone_93: Tecno Phantom V Fold 2 512GB
[3] Resolving auto_laptop_93: Microsoft Surface Laptop 6 32GB/1TB
[1] Resolving auto_audio_86: Nothing Ear (a) Black
[2] Resolving auto_audio_85: Anker Soundcore Liberty 4 NC Bundle
[5] Resolving auto_audio_98: Samsung Galaxy Buds2 Pro White
[6] Resolving auto_accessory_92: Elgato Stream Deck MK.2 Bundle
[4] Resolving auto_accessory_94: Satechi USB-C Multiport Adapter Pro
[3] Resolving auto_accessory_98: Nomad Modern Leather Case for iPhone 15 Pro Pro
[1] Resolving auto_phone_85: Xiaomi 14 Ultra 12GB+256GB
[2] Resolving auto_audio_90: Nothing Ear (a) Bundle
[5] Resolving auto_phone_90: Xiaomi 13T Pro 12GB+256GB
[3] Resolving auto_phone_95: Tecno Phantom V Fold 2 12GB+256GB
[6] Resolving auto_accessory_99: Nomad Modern Leather Case for iPhone 15 Pro Max
[1] Resolving auto_accessory_100: Nomad Modern Leather Case for iPhone 15 Pro Bundle
[4] Resolving auto_audio_84: Anker Soundcore Liberty 4 NC Midnight
[2] Resolving auto_audio_94: Google Pixel Buds Pro Midnight
[5] Resolving auto_accessory_96: Satechi USB-C Multiport Adapter Bundle
[3] Resolving auto_audio_99: Samsung Galaxy Buds2 Pro Midnight
[6] Resolving auto_laptop_95: Microsoft Surface Laptop 6 64GB/2TB
[1] Resolving auto_audio_100: Samsung Galaxy Buds2 Pro Bundle
[2] Resolving auto_phone_99: Infinix Zero 30 5G 1TB
[5] Resolving auto_phone_100: Infinix Zero 30 5G 12GB+256GB
[4] Resolving auto_audio_97: Samsung Galaxy Buds2 Pro Silver
[6] Resolving auto_phone_96: Infinix Zero 30 5G 128GB
[3] Resolving auto_laptop_97: LG Gram 16 16GB/1TB
[2] Resolving auto_audio_95: Google Pixel Buds Pro Bundle
[1] Resolving auto_accessory_95: Satechi USB-C Multiport Adapter Max
[5] Resolving auto_laptop_96: LG Gram 16 16GB/512GB
[4] Skipping auto_accessory_88: cached
[4] Resolving auto_laptop_99: LG Gram 16 32GB/2TB
[6] Resolving auto_phone_92: Tecno Phantom V Fold 2 256GB
[3] Resolving auto_phone_94: Tecno Phantom V Fold 2 1TB
[1] Resolving auto_laptop_94: Microsoft Surface Laptop 6 32GB/2TB
[2] Resolving auto_audio_92: Google Pixel Buds Pro Silver
[5] Resolving auto_accessory_93: Satechi USB-C Multiport Adapter Standard
[4] Resolving auto_phone_97: Infinix Zero 30 5G 256GB
[6] Resolving auto_phone_98: Infinix Zero 30 5G 512GB
[3] Resolving auto_laptop_98: LG Gram 16 32GB/1TB
[1] Resolving auto_audio_96: Samsung Galaxy Buds2 Pro Black
[2] Resolving auto_accessory_97: Nomad Modern Leather Case for iPhone 15 Pro Standard
[5] Resolving auto_audio_89: Nothing Ear (a) Midnight
[6] Resolving auto_laptop_100: LG Gram 16 64GB/2TB
[4] Resolving auto_audio_87: Nothing Ear (a) Silver
[3] Resolving auto_laptop_89: Samsung Galaxy Book4 Pro 32GB/2TB
[1] Resolving auto_phone_89: Xiaomi 13T Pro 1TB
[2] Resolving auto_accessory_83: Sony PlayStation DualSense Max
[5] Skipping auto_laptop_85: cached
[5] Resolving auto_phone_84: Xiaomi 14 Ultra 1TB
[6] Skipping auto_laptop_82: cached
[6] Resolving auto_audio_78: Anker Soundcore Space One White
[3] Skipping auto_phone_79: cached
[3] Skipping auto_phone_77: cached
[3] Skipping auto_laptop_77: cached
[3] Resolving auto_accessory_74: Baseus Bowie WM02 Pro
[4] Resolving auto_audio_75: Marshall Emberton II Bundle
[2] Resolving auto_audio_74: Marshall Emberton II Midnight
[1] Skipping auto_phone_76: cached
[1] Resolving auto_accessory_70: Anker MagGo Wireless Charging Station Pro
[5] Resolving auto_accessory_69: Anker MagGo Wireless Charging Station Standard
[3] Skipping auto_laptop_71: cached
[3] Skipping auto_phone_71: cached
[3] Resolving auto_phone_70: OnePlus 11 12GB+256GB
[6] Skipping auto_audio_65: cached
[6] Resolving auto_laptop_91: Microsoft Surface Laptop 6 16GB/512GB
[4] Resolving auto_phone_66: OnePlus 11 128GB
[1] Skipping auto_phone_65: cached
[1] Resolving auto_audio_82: Anker Soundcore Liberty 4 NC Silver
[2] Resolving auto_accessory_81: Sony PlayStation DualSense Standard
[5] Skipping auto_audio_61: cached
[5] Skipping auto_laptop_61: cached
[5] Skipping auto_accessory_61: cached
[5] Skipping auto_accessory_62: cached
[5] Skipping auto_accessory_84: cached
[5] Skipping auto_audio_56: cached
[5] Skipping auto_accessory_85: cached
[5] Skipping auto_laptop_57: cached
[5] Skipping auto_audio_51: cached
[5] Skipping auto_audio_52: cached
[5] Skipping auto_laptop_52: cached
[5] Skipping auto_phone_52: cached
