
> tech-hub@0.1.0 scrape:images
> tsx scripts/scrape-product-images.ts --only-fallback --refresh --concurrency=4

[2] Resolving prod_3_3: Google Pixel 8 Pro
[4] Resolving prod_5_2: AirPods Max
[3] Resolving prod_5_3: Beats Studio Pro
[1] Resolving prod_6: iPad Pro 12.9 M2
[4] Resolving prod_12: Lenovo Legion Slim 7
[1] Resolving auto_laptop_14: MacBook Air 13 M2 32GB/2TB
[1] Resolving auto_laptop_30: Dell XPS 15 64GB/2TB
[2] Resolving auto_accessory_30: Anker Prime 250W Charging Station Pro
[3] Resolving auto_laptop_36: HP Envy 16 16GB/512GB
[1] Resolving auto_phone_37: Samsung Galaxy Z Fold 5 256GB
[1] Resolving auto_laptop_37: HP Envy 16 16GB/1TB
[4] Resolving auto_audio_37: Bose QuietComfort Ultra Earbuds Silver
[2] Resolving auto_accessory_37: UGREEN Nexode 100W Charger Standard
[3] Resolving auto_phone_38: Samsung Galaxy Z Fold 5 512GB
[1] Resolving auto_laptop_38: HP Envy 16 32GB/1TB
[3] Resolving auto_audio_38: Bose QuietComfort Ultra Earbuds White
[2] Resolving auto_accessory_38: UGREEN Nexode 100W Charger Pro
[3] Resolving auto_phone_39: Samsung Galaxy Z Fold 5 1TB
[4] Resolving auto_accessory_84: Sony PlayStation DualSense Bundle
[1] Resolving auto_accessory_85: Microsoft Xbox Wireless Controller Standard
[3] Resolving auto_audio_51: JBL Tour One M2 Black
[2] Resolving auto_laptop_52: ASUS ROG Zephyrus G14 16GB/1TB
[4] Resolving auto_audio_52: JBL Tour One M2 Silver
[2] Resolving auto_phone_47: Google Pixel 8 Pro 256GB
[3] Resolving auto_accessory_46: Samsung T9 Portable SSD Pro
[1] Resolving auto_accessory_48: Samsung T9 Portable SSD Bundle
[4] Resolving auto_audio_48: Sennheiser Accentum Plus White
[3] Resolving auto_audio_42: Sennheiser Momentum 4 Wireless Silver
[2] Resolving auto_audio_43: Sennheiser Momentum 4 Wireless White
[1] Resolving auto_accessory_43: TP-Link Deco XE75 Max
[4] Resolving auto_accessory_82: Sony PlayStation DualSense Pro
[3] Resolving auto_audio_76: Anker Soundcore Space One Black
[2] Resolving auto_accessory_79: JBL Go 4 Max
[1] Resolving auto_accessory_75: Baseus Bowie WM02 Max
[4] Resolving auto_laptop_40: HP Envy 16 64GB/2TB
[2] Resolving auto_audio_81: Anker Soundcore Liberty 4 NC Black
[3] Resolving auto_laptop_76: MSI Raider GE78 HX 16GB/512GB
[1] Resolving auto_laptop_72: MSI Stealth 14 Studio 16GB/1TB
[4] Resolving auto_accessory_55: Logitech MX Keys S Max
[3] Resolving auto_accessory_59: Razer DeathAdder V3 Pro Max
[2] Resolving auto_audio_40: Bose QuietComfort Ultra Earbuds Bundle
[1] Resolving auto_phone_82: Xiaomi 14 Ultra 256GB
[3] Resolving auto_accessory_44: TP-Link Deco XE75 Bundle
[2] Resolving auto_laptop_41: Lenovo ThinkPad X1 Carbon Gen 12 16GB/512GB
[4] Resolving auto_audio_91: Google Pixel Buds Pro Black
[1] Resolving auto_phone_88: Xiaomi 13T Pro 512GB
[3] Resolving auto_phone_48: Google Pixel 8 Pro 512GB
[4] Resolving auto_audio_55: JBL Tour One M2 Bundle
[2] Resolving auto_audio_49: Sennheiser Accentum Plus Midnight
[1] Resolving auto_audio_41: Sennheiser Momentum 4 Wireless Black
[3] Resolving auto_audio_46: Sennheiser Accentum Plus Black
[4] Resolving auto_accessory_90: Elgato Stream Deck MK.2 Pro
[2] Resolving auto_accessory_40: UGREEN Nexode 100W Charger Bundle
[1] Resolving auto_accessory_42: TP-Link Deco XE75 Pro
[3] Resolving auto_phone_45: Samsung Galaxy Z Flip 5 12GB+256GB
[4] Resolving auto_audio_53: JBL Tour One M2 White
[3] Resolving auto_audio_54: JBL Tour One M2 Midnight
[2] Resolving auto_accessory_41: TP-Link Deco XE75 Standard
[1] Resolving auto_audio_39: Bose QuietComfort Ultra Earbuds Midnight
[4] Resolving auto_laptop_49: Lenovo Legion Slim 7 32GB/2TB
[3] Resolving auto_laptop_58: ASUS Zenbook 14 OLED 32GB/1TB
[2] Resolving auto_laptop_59: ASUS Zenbook 14 OLED 32GB/2TB
[1] Resolving auto_accessory_39: UGREEN Nexode 100W Charger Max
[4] Resolving auto_audio_45: Sennheiser Momentum 4 Wireless Bundle
[2] Resolving auto_accessory_47: Samsung T9 Portable SSD Max
[3] Resolving auto_accessory_53: Logitech MX Keys S Standard
[3] Resolving auto_phone_46: Google Pixel 8 Pro 128GB
[1] Resolving auto_laptop_39: HP Envy 16 32GB/2TB
[4] Resolving auto_laptop_42: Lenovo ThinkPad X1 Carbon Gen 12 16GB/1TB
[2] Resolving auto_phone_42: Samsung Galaxy Z Flip 5 256GB
[3] Resolving auto_phone_44: Samsung Galaxy Z Flip 5 1TB
[2] Resolving auto_laptop_46: Lenovo Legion Slim 7 16GB/512GB
[3] Resolving auto_laptop_47: Lenovo Legion Slim 7 16GB/1TB
[1] Resolving auto_audio_50: Sennheiser Accentum Plus Bundle
[4] Resolving auto_accessory_45: Samsung T9 Portable SSD Standard
[2] Resolving auto_phone_50: Google Pixel 8 Pro 12GB+256GB
[3] Resolving auto_accessory_60: Razer DeathAdder V3 Pro Bundle
[1] Resolving auto_laptop_43: Lenovo ThinkPad X1 Carbon Gen 12 32GB/1TB
[4] Resolving auto_audio_44: Sennheiser Momentum 4 Wireless Midnight
[2] Resolving auto_phone_40: Samsung Galaxy Z Fold 5 12GB+256GB
[3] Resolving auto_phone_43: Samsung Galaxy Z Flip 5 512GB
[1] Resolving auto_phone_54: Google Pixel 8 1TB
[2] Resolving auto_accessory_52: SanDisk Extreme Portable SSD V2 Bundle
[4] Resolving auto_audio_60: JBL Live Pro 2 Bundle
[3] Resolving auto_phone_51: Google Pixel 8 128GB
[1] Resolving auto_laptop_44: Lenovo ThinkPad X1 Carbon Gen 12 32GB/2TB
[2] Resolving auto_laptop_50: Lenovo Legion Slim 7 64GB/2TB
[3] Resolving auto_accessory_58: Razer DeathAdder V3 Pro Pro
[4] Resolving auto_phone_49: Google Pixel 8 Pro 1TB
[4] Resolving auto_laptop_45: Lenovo ThinkPad X1 Carbon Gen 12 64GB/2TB
[3] Resolving auto_laptop_48: Lenovo Legion Slim 7 32GB/1TB
[1] Resolving auto_laptop_56: ASUS Zenbook 14 OLED 16GB/512GB
[2] Resolving auto_accessory_50: SanDisk Extreme Portable SSD V2 Pro
[4] Resolving auto_laptop_67: Acer Predator Helios Neo 16 16GB/1TB
[1] Resolving auto_audio_77: Anker Soundcore Space One Silver
[3] Resolving auto_phone_59: Google Pixel 7 Pro 1TB
page.goto: net::ERR_HTTP2_PROTOCOL_ERROR at https://www.acer.com/us-en/laptops/predator/helios-neo-16
Call log:
  - navigating to "https://www.acer.com/us-en/laptops/predator/helios-neo-16", waiting until "domcontentloaded"

    at collectOfficialImageCandidates (C:\Users\ifean\Downloads\JS series\New folder (2)\scripts\scrape-product-images.ts:474:14)
    at async resolveProductImages (C:\Users\ifean\Downloads\JS series\New folder (2)\scripts\scrape-product-images.ts:530:24)
    at async worker (C:\Users\ifean\Downloads\JS series\New folder (2)\scripts\scrape-product-images.ts:602:24)
    at async main (C:\Users\ifean\Downloads\JS series\New folder (2)\scripts\scrape-product-images.ts:635:3) {
  name: 'Error'
}
[2] Resolving auto_audio_70: Marshall Acton III Bundle
[1] Resolving auto_accessory_49: SanDisk Extreme Portable SSD V2 Standard
[3] Resolving auto_laptop_51: ASUS ROG Zephyrus G14 16GB/512GB
[2] Resolving auto_laptop_53: ASUS ROG Zephyrus G14 32GB/1TB
[3] Resolving auto_phone_57: Google Pixel 7 Pro 256GB
[2] Resolving auto_laptop_60: ASUS Zenbook 14 OLED 64GB/2TB
[1] Resolving auto_phone_55: Google Pixel 8 12GB+256GB
[3] Resolving auto_phone_56: Google Pixel 7 Pro 128GB
[2] Resolving auto_accessory_51: SanDisk Extreme Portable SSD V2 Max
[1] Resolving auto_accessory_56: Logitech MX Keys S Bundle
[1] Resolving auto_phone_53: Google Pixel 8 512GB
[2] Resolving auto_laptop_73: MSI Stealth 14 Studio 32GB/1TB
[3] Resolving auto_audio_47: Sennheiser Accentum Plus Silver
[2] Resolving auto_phone_67: OnePlus 11 256GB
[1] Resolving auto_audio_57: JBL Live Pro 2 Silver
[3] Resolving auto_laptop_54: ASUS ROG Zephyrus G14 32GB/2TB
[3] Resolving auto_accessory_57: Razer DeathAdder V3 Pro Standard
[2] Resolving auto_accessory_66: Apple Watch Series 9 Pro
[1] Resolving auto_audio_68: Marshall Acton III White
[1] Resolving auto_audio_63: Marshall Stanmore III White
[1] Resolving auto_laptop_81: Razer Blade 14 16GB/512GB
[3] Resolving auto_phone_61: OnePlus 12 128GB
[2] Resolving auto_phone_63: OnePlus 12 512GB
[1] Resolving auto_accessory_54: Logitech MX Keys S Pro
[3] Resolving auto_accessory_77: JBL Go 4 Standard
[2] Resolving auto_phone_58: Google Pixel 7 Pro 512GB
[1] Resolving auto_audio_79: Anker Soundcore Space One Midnight
[3] Resolving auto_laptop_74: MSI Stealth 14 Studio 32GB/2TB
[3] Resolving auto_phone_60: Google Pixel 7 Pro 12GB+256GB
[2] Resolving auto_accessory_71: Anker MagGo Wireless Charging Station Max
[1] Resolving auto_audio_59: JBL Live Pro 2 Midnight
[3] Resolving auto_accessory_68: Apple Watch Series 9 Bundle
[3] Resolving auto_accessory_63: Samsung Galaxy Watch6 Classic Max
[1] Resolving auto_audio_58: JBL Live Pro 2 White
[2] Resolving auto_phone_62: OnePlus 12 256GB
[1] Resolving auto_laptop_62: Acer Swift X 14 16GB/1TB
[2] Resolving auto_laptop_68: Acer Predator Helios Neo 16 32GB/1TB
[3] Resolving auto_audio_66: Marshall Acton III Black
[1] Resolving auto_audio_64: Marshall Stanmore III Midnight
[3] Resolving auto_audio_69: Marshall Acton III Midnight
[3] Resolving auto_audio_83: Anker Soundcore Liberty 4 NC White
[1] Resolving auto_laptop_66: Acer Predator Helios Neo 16 16GB/512GB
[3] Resolving auto_phone_64: OnePlus 12 1TB
[3] Resolving auto_audio_62: Marshall Stanmore III Silver
[3] Resolving auto_accessory_86: Microsoft Xbox Wireless Controller Pro
[3] Resolving auto_laptop_63: Acer Swift X 14 32GB/1TB
[3] Resolving auto_laptop_65: Acer Swift X 14 64GB/2TB
[3] Resolving auto_laptop_69: Acer Predator Helios Neo 16 32GB/2TB
