
> tech-hub@0.1.0 scrape:images
> tsx scripts/scrape-product-images.ts --only-fallback --refresh --concurrency=6

[3] Resolving prod_3_3: Google Pixel 8 Pro
[1] Resolving prod_5_3: Beats Studio Pro
[2] Resolving prod_6: iPad Pro 12.9 M2
[4] Resolving prod_12: Lenovo Legion Slim 7
[5] Resolving auto_accessory_30: Anker Prime 250W Charging Station Pro
[6] Resolving auto_laptop_36: HP Envy 16 16GB/512GB
page.goto: net::ERR_HTTP2_PROTOCOL_ERROR at https://support.hp.com/us-en/document/ish_8073172-8073221-16
Call log:
  - navigating to "https://support.hp.com/us-en/document/ish_8073172-8073221-16", waiting until "domcontentloaded"

    at collectOfficialImageCandidates (C:\Users\ifean\Downloads\JS series\New folder (2)\scripts\scrape-product-images.ts:491:14)
    at async resolveProductImages (C:\Users\ifean\Downloads\JS series\New folder (2)\scripts\scrape-product-images.ts:547:24)
    at async worker (C:\Users\ifean\Downloads\JS series\New folder (2)\scripts\scrape-product-images.ts:619:24)
    at async main (C:\Users\ifean\Downloads\JS series\New folder (2)\scripts\scrape-product-images.ts:649:3) {
  name: 'Error'
}
[3] Resolving auto_laptop_37: HP Envy 16 16GB/1TB
[4] Resolving auto_audio_37: Bose QuietComfort Ultra Earbuds Silver
[2] Resolving auto_accessory_37: UGREEN Nexode 100W Charger Standard
[5] Resolving auto_laptop_38: HP Envy 16 32GB/1TB
[1] Resolving auto_audio_38: Bose QuietComfort Ultra Earbuds White
[3] Resolving auto_accessory_38: UGREEN Nexode 100W Charger Pro
[4] Resolving auto_laptop_57: ASUS Zenbook 14 OLED 16GB/1TB
[5] Resolving auto_audio_52: JBL Tour One M2 Silver
[2] Resolving auto_audio_51: JBL Tour One M2 Black
[1] Resolving auto_phone_47: Google Pixel 8 Pro 256GB
[3] Resolving auto_accessory_48: Samsung T9 Portable SSD Bundle
[4] Resolving auto_audio_48: Sennheiser Accentum Plus White
[5] Resolving auto_accessory_46: Samsung T9 Portable SSD Pro
[2] Resolving auto_accessory_82: Sony PlayStation DualSense Pro
[1] Resolving auto_accessory_43: TP-Link Deco XE75 Max
[3] Resolving auto_audio_43: Sennheiser Momentum 4 Wireless White
[4] Resolving auto_audio_42: Sennheiser Momentum 4 Wireless Silver
[5] Resolving auto_audio_76: Anker Soundcore Space One Black
[2] Resolving auto_accessory_79: JBL Go 4 Max
[1] Resolving auto_accessory_75: Baseus Bowie WM02 Max
[3] Resolving auto_laptop_40: HP Envy 16 64GB/2TB
[4] Resolving auto_audio_81: Anker Soundcore Liberty 4 NC Black
[5] Resolving auto_laptop_76: MSI Raider GE78 HX 16GB/512GB
[2] Resolving auto_audio_49: Sennheiser Accentum Plus Midnight
[1] Resolving auto_phone_88: Xiaomi 13T Pro 512GB
[3] Resolving auto_audio_40: Bose QuietComfort Ultra Earbuds Bundle
